---
source: crates/courier-ftp/src/ui/dir_tree/tests.rs
assertion_line: 80
expression: "render(&mut t, true).backend()"
---
"┌ Local tree ──────────────────┐"
"│▾ /                           │"
"│├─▸ etc                       │"
"│├─▾ home                      │"
"││ ├─▾ alice                   │"
"││ │ ├─▸ Documents             │"
"││ │ └─▸ Music                 │"
"││ └─▸ bob                     │"
"│└─▸ usr                       │"
"└──────────────────────────────┘"
