---
source: crates/courier-ftp/src/components/message_log/snapshot_tests.rs
expression: text
---
+ Message log - All ----------------------------------------------+             
|                     <implicit>                                  |             
|12:03:11 T Status:   Connected to web01.example.com              |             
|12:03:11 T Status:   Starting upload of                          |             
|                     /home/alice/site/index.html                 |             
|12:03:11 T Status:   File transfer successful, transferred 4,198 |             
|                     bytes in 1 second                           |             
|12:03:40 T Error:    Disk full: /home/alice/Downloads (needed    |             
|                     1.21 GiB, 812 MiB free); queue paused       |             
|12:03:41 - Status:   Warning: the vault is locked; saved         |             
|                     passwords are not available                 |             
|12:04:02 1 Command:  NOOP                                        |             
|12:04:02 1 Response: 200 NOOP ok.                                |             
|12:04:30 1 Command:  CWD /var/www/html                           |             
|12:04:30 1 Response: 250 Directory successfully changed.         |             
|12:04:30 1 Command:  PASV                                        |             
|12:04:30 1 Response: 227 Entering Passive Mode                   |             
|                     (203,0,113,5,195,81).                       |             
|12:04:30 1 Command:  MLSD                                        |             
|12:04:30 1 Response: 150 Here comes the directory listing.       |             
|12:04:30 1 Response: 226 Directory send OK.                      |             
|12:04:30 1 Status:   Directory listing of "/var/www/html"        |             
|                     successful                                  |             
+-----------------------------------------------------------------+             
--- styles ---
  1  22+10  Style::new().fg(Color::Reset).bg(Color::Reset).underline_color(Color::Reset).dim()
  2   1+11  Style::new().fg(Color::Reset).bg(Color::Reset).underline_color(Color::Reset).dim()
  3   1+11  Style::new().fg(Color::Reset).bg(Color::Reset).underline_color(Color::Reset).dim()
  5   1+11  Style::new().fg(Color::Reset).bg(Color::Reset).underline_color(Color::Reset).dim()
  7   1+11  Style::new().fg(Color::Reset).bg(Color::Reset).underline_color(Color::Reset).dim()
  7  12+6   Style::new().fg(Color::Reset).bg(Color::Reset).underline_color(Color::Reset).bold()
  7  22+40  Style::new().fg(Color::Reset).bg(Color::Reset).underline_color(Color::Reset).bold()
  8  22+37  Style::new().fg(Color::Reset).bg(Color::Reset).underline_color(Color::Reset).bold()
  9   1+11  Style::new().fg(Color::Reset).bg(Color::Reset).underline_color(Color::Reset).dim()
  9  12+7   Style::new().fg(Color::Reset).bg(Color::Reset).underline_color(Color::Reset).bold()
  9  22+35  Style::new().fg(Color::Reset).bg(Color::Reset).underline_color(Color::Reset).bold()
 10  22+27  Style::new().fg(Color::Reset).bg(Color::Reset).underline_color(Color::Reset).bold()
 11   1+11  Style::new().fg(Color::Reset).bg(Color::Reset).underline_color(Color::Reset).dim()
 12   1+11  Style::new().fg(Color::Reset).bg(Color::Reset).underline_color(Color::Reset).dim()
 13   1+11  Style::new().fg(Color::Reset).bg(Color::Reset).underline_color(Color::Reset).dim()
 14   1+11  Style::new().fg(Color::Reset).bg(Color::Reset).underline_color(Color::Reset).dim()
 15   1+11  Style::new().fg(Color::Reset).bg(Color::Reset).underline_color(Color::Reset).dim()
 16   1+11  Style::new().fg(Color::Reset).bg(Color::Reset).underline_color(Color::Reset).dim()
 18   1+11  Style::new().fg(Color::Reset).bg(Color::Reset).underline_color(Color::Reset).dim()
 19   1+11  Style::new().fg(Color::Reset).bg(Color::Reset).underline_color(Color::Reset).dim()
 20   1+11  Style::new().fg(Color::Reset).bg(Color::Reset).underline_color(Color::Reset).dim()
 21   1+11  Style::new().fg(Color::Reset).bg(Color::Reset).underline_color(Color::Reset).dim()
