---
source: crates/courier-ftp/src/ui/tests.rs
expression: terminal.backend()
---
"┌ Quickconnect ────────────────────────────────────────────────────────────────────────────────────────────────────────────────────────────────────────────────────────────────────────────────────────┐"
"│Host: ________   User: ________   Pass: ________   Port: ________   [Connect]                                                                                                                         │"
"└──────────────────────────────────────────────────────────────────────────────────────────────────────────────────────────────────────────────────────────────────────────────────────────────────────┘"
" Tabs: [1 local]                                                                                                                                                                                        "
"┌ Local:  ─────────────────────────────────────────────────┐┌ Remote: not connected ───────────────────────────────────┐┌ Message log ─────────────────────────────────────────────────────────────────┐"
"│..                                                        ││Ctrl-k: quickconnect · Ctrl-s: Site Manager               ││Status:   Connecting to example.com:21...                                     │"
"│assets/                                                   ││                                                          ││Response: 230 Login successful.                                               │"
"│index.html                                                ││                                                          ││                                                                              │"
"│style.css                                                 ││                                                          ││                                                                              │"
"│                                                          ││                                                          ││                                                                              │"
"│                                                          ││                                                          ││                                                                              │"
"│                                                          ││                                                          ││                                                                              │"
"│                                                          ││                                                          ││                                                                              │"
"│                                                          ││                                                          ││                                                                              │"
"│                                                          ││                                                          ││                                                                              │"
"│                                                          ││                                                          ││                                                                              │"
"│                                                          ││                                                          ││                                                                              │"
"│                                                          ││                                                          ││                                                                              │"
"│                                                          ││                                                          ││                                                                              │"
"│                                                          ││                                                          ││                                                                              │"
"│                                                          ││                                                          ││                                                                              │"
"│                                                          ││                                                          ││                                                                              │"
"│                                                          ││                                                          ││                                                                              │"
"│                                                          ││                                                          ││                                                                              │"
"│                                                          ││                                                          ││                                                                              │"
"│                                                          ││                                                          ││                                                                              │"
"│                                                          ││                                                          ││                                                                              │"
"│                                                          ││                                                          ││                                                                              │"
"│                                                          ││                                                          ││                                                                              │"
"│                                                          ││                                                          ││                                                                              │"
"│                                                          ││                                                          ││                                                                              │"
"│                                                          ││                                                          ││                                                                              │"
"│                                                          ││                                                          ││                                                                              │"
"│                                                          ││                                                          │└──────────────────────────────────────────────────────────────────────────────┘"
"│                                                          ││                                                          │┌ Queue (0) · Failed (0) · Successful (0) ─────────────────────────────────────┐"
"│                                                          ││                                                          ││The queue is empty.                                                           │"
"│                                                          ││                                                          ││                                                                              │"
"│                                                          ││                                                          ││                                                                              │"
"│                                                          ││                                                          ││                                                                              │"
"│                                                          ││                                                          ││                                                                              │"
"│                                                          ││                                                          ││                                                                              │"
"│                                                          ││                                                          ││                                                                              │"
"│                                                          ││                                                          ││                                                                              │"
"│                                                          ││                                                          ││                                                                              │"
"│                                                          ││                                                          ││                                                                              │"
"│                                                          ││                                                          ││                                                                              │"
"│                                                          ││                                                          ││                                                                              │"
"│                                                          ││                                                          ││                                                                              │"
"│                                                          ││                                                          ││                                                                              │"
"│                                                          ││                                                          ││                                                                              │"
"│                                                          ││                                                          ││                                                                              │"
"│                                                          ││                                                          ││                                                                              │"
"│                                                          ││                                                          ││                                                                              │"
"│                                                          ││                                                          ││                                                                              │"
"│                                                          ││                                                          ││                                                                              │"
"│                                                          ││                                                          ││                                                                              │"
"│                                                          ││                                                          ││                                                                              │"
"│                                                          ││                                                          ││                                                                              │"
"└──────────────────────────────────────────────────────────┘└──────────────────────────────────────────────────────────┘└──────────────────────────────────────────────────────────────────────────────┘"
" Queue: empty   F1 help  Tab switch pane  Ctrl-q quit                                                                                                                                                   "
