---
source: crates/courier-ftp/src/ui/tests.rs
expression: terminal.backend()
---
"┌ Quickconnect ────────────────────────────────────────────────────────────────────────────────────────────────────────────────────────────────────────────────────────────────────────────────────────┐"
"│Host: host or URL                                                                    User: ___________________________________________ Pass: __________________________________ Port: ______ [Connect]│"
"└──────────────────────────────────────────────────────────────────────────────────────────────────────────────────────────────────────────────────────────────────────────────────────────────────────┘"
" Tabs: [1 local]                                                                                                                                                                                        "
"┌ Local:  ─────────────────────────────────────────────────┐┌ Remote: not connected ───────────────────────────────────┐┌ Message log ─────────────────────────────────────────────────────────────────┐"
"│  Name▲                              Size Modified        ││Not connected to any server.                              ││Status:   Connecting to example.com:21...                                     │"
"│  assets/                                                 ││Ctrl-s: Site Manager · Ctrl-k: quickconnect               ││Response: 230 Login successful.                                               │"
"│  index.html                      4.0 KiB                 ││                                                          ││                                                                              │"
"│  style.css                         900 B                 ││                                                          ││                                                                              │"
"│                                                          ││                                                          ││                                                                              │"
"│                                                          ││                                                          ││                                                                              │"
"│                                                          ││                                                          ││                                                                              │"
"│                                                          ││                                                          ││                                                                              │"
"│                                                          ││                                                          ││                                                                              │"
"│                                                          ││                                                          ││                                                                              │"
"│                                                          ││                                                          ││                                                                              │"
"│                                                          ││                                                          ││                                                                              │"
"│                                                          ││                                                          ││                                                                              │"
"│                                                          ││                                                          ││                                                                              │"
"│                                                          ││                                                          ││                                                                              │"
"│                                                          ││                                                          ││                                                                              │"
"│                                                          ││                                                          ││                                                                              │"
"│                                                          ││                                                          ││                                                                              │"
"│                                                          ││                                                          ││                                                                              │"
"│                                                          ││                                                          ││                                                                              │"
"│                                                          ││                                                          ││                                                                              │"
"│                                                          ││                                                          ││                                                                              │"
"│                                                          ││                                                          ││                                                                              │"
"│                                                          ││                                                          ││                                                                              │"
"│                                                          ││                                                          ││                                                                              │"
"│                                                          ││                                                          ││                                                                              │"
"│                                                          ││                                                          ││                                                                              │"
"│                                                          ││                                                          ││                                                                              │"
"│                                                          ││                                                          │└──────────────────────────────────────────────────────────────────────────────┘"
"│                                                          ││                                                          │┌ Queue (0) · Failed (0) · Successful (0) ─────────────────────────────────────┐"
"│                                                          ││                                                          ││The queue is empty.                                                           │"
"│                                                          ││                                                          ││                                                                              │"
"│                                                          ││                                                          ││                                                                              │"
"│                                                          ││                                                          ││                                                                              │"
"│                                                          ││                                                          ││                                                                              │"
"│                                                          ││                                                          ││                                                                              │"
"│                                                          ││                                                          ││                                                                              │"
"│                                                          ││                                                          ││                                                                              │"
"│                                                          ││                                                          ││                                                                              │"
"│                                                          ││                                                          ││                                                                              │"
"│                                                          ││                                                          ││                                                                              │"
"│                                                          ││                                                          ││                                                                              │"
"│                                                          ││                                                          ││                                                                              │"
"│                                                          ││                                                          ││                                                                              │"
"│                                                          ││                                                          ││                                                                              │"
"│                                                          ││                                                          ││                                                                              │"
"│                                                          ││                                                          ││                                                                              │"
"│                                                          ││                                                          ││                                                                              │"
"│                                                          ││                                                          ││                                                                              │"
"│                                                          ││                                                          ││                                                                              │"
"│                                                          ││                                                          ││                                                                              │"
"│                                                          ││                                                          ││                                                                              │"
"│2 files and 1 directory. Total size: 4.9 KiB              ││                                                          ││                                                                              │"
"└──────────────────────────────────────────────────────────┘└──────────────────────────────────────────────────────────┘└──────────────────────────────────────────────────────────────────────────────┘"
" — │ Auto │ ⇅ limit off │ Queue: empty │ F1 help  F5 copy  F7 mkdir  F8 delete  F10 quit                                                                                                                "
