---
source: crates/courier-ftp/src/ui/quickconnect.rs
expression: "render(&q, false, 80).backend()"
---
"┌ Quickconnect ────────────────────────────────────────────────────────────────┐"
"│Host: host or URL        User: _________ Pass: ________ Port: ______ [Connect]│"
"└──────────────────────────────────────────────────────────────────────────────┘"
