---
source: crates/courier-ftp/src/ui/tests.rs
expression: terminal.backend()
---
"┌ Quickconnect ────────────────────────────────────────────────────────────────────────────────────────────────────────┐"
"│Host: ________   User: ________   Pass: ________   Port: ________   [Connect]                                         │"
"└──────────────────────────────────────────────────────────────────────────────────────────────────────────────────────┘"
" Tabs: [1 local]                                                                                                        "
"┌ Message log ─────────────────────────────────────────────────────────────────────────────────────────────────────────┐"
"│Status:   Connecting to example.com:21...                                                                             │"
"│Response: 230 Login successful.                                                                                       │"
"│                                                                                                                      │"
"│                                                                                                                      │"
"│                                                                                                                      │"
"└──────────────────────────────────────────────────────────────────────────────────────────────────────────────────────┘"
"┌ Tree ─────────────┐┌ Local:  ────────────────────────────┐┌ Tree ─────────────┐┌ Remote: not connected ──────────────┐"
"│(directory tree: T5││  Name▲                          Size││(directory tree: T5││Not connected to any server.         │"
"│                   ││  assets/                            ││                   ││Ctrl-s: Site Manager · Ctrl-k: quickc│"
"│                   ││  index.html                  4.0 KiB││                   ││                                     │"
"│                   ││  style.css                     900 B││                   ││                                     │"
"│                   ││                                     ││                   ││                                     │"
"│                   ││                                     ││                   ││                                     │"
"│                   ││                                     ││                   ││                                     │"
"│                   ││                                     ││                   ││                                     │"
"│                   ││                                     ││                   ││                                     │"
"│                   ││                                     ││                   ││                                     │"
"│                   ││                                     ││                   ││                                     │"
"│                   ││                                     ││                   ││                                     │"
"│                   ││                                     ││                   ││                                     │"
"│                   ││                                     ││                   ││                                     │"
"│                   ││                                     ││                   ││                                     │"
"│                   ││                                     ││                   ││                                     │"
"│                   ││                                     ││                   ││                                     │"
"│                   ││2 files and 1 directory. Total size: ││                   ││                                     │"
"└───────────────────┘└─────────────────────────────────────┘└───────────────────┘└─────────────────────────────────────┘"
"┌ Queue (0) · Failed (0) · Successful (0) ─────────────────────────────────────────────────────────────────────────────┐"
"│The queue is empty.                                                                                                   │"
"│                                                                                                                      │"
"│                                                                                                                      │"
"│                                                                                                                      │"
"│                                                                                                                      │"
"│                                                                                                                      │"
"└──────────────────────────────────────────────────────────────────────────────────────────────────────────────────────┘"
" — │ Auto │ ⇅ limit off │ Queue: empty │ F1 help  F5 copy  F7 mkdir  F8 delete  F10 quit                                "
