---
source: crates/courier-ftp-proto-ftp/tests/listings.rs
expression: render(&parsed)
---
format: Some(Unix)
file  ".bash_logout" size=220 mtime=2022-03-14T00:00:00.000Z/Day perms=-rw-------(600) owner=alice group=staff hidden
file  ".bashrc" size=3771 mtime=2023-12-24T18:00:00.000Z/Minute perms=-rw-r--r--(644) owner=alice group=staff hidden
dir   ".cache" size=4096 mtime=2024-06-14T23:59:00.000Z/Minute perms=drwx------(700) owner=alice group=staff hidden
file  "backup.tar.gz" size=10485760 mtime=2024-06-15T08:30:00.000Z/Minute perms=-rw-r--r--(644) owner=alice group=staff
dir   "public_html" size=4096 mtime=2024-01-05T12:30:00.000Z/Minute perms=drwxr-sr-x(2755) owner=alice group=www-data
link(-> "public_html") "www" size=11 mtime=2024-05-30T17:45:00.000Z/Minute perms=lrwxrwxrwx(777) owner=alice group=staff
link(-> "releases/v1.2.3/") "latest" size=21 mtime=2021-09-09T00:00:00.000Z/Day perms=lrwxrwxrwx(777) owner=root group=root
file  "passwd" size=54256 mtime=2020-07-18T00:00:00.000Z/Day perms=-rwsr-xr-x(4755) owner=root group=root
dir   "tmp" size=4096 mtime=2024-06-15T11:58:00.000Z/Minute perms=drwxrwxrwt(1777) owner=root group=root
other "null" size=- mtime=2024-06-01T09:00:00.000Z/Minute perms=crw-rw-rw-(666) owner=root group=root
other "sda" size=- mtime=2024-06-01T09:00:00.000Z/Minute perms=brw-rw----(660) owner=root group=disk
other "fifo" size=0 mtime=2024-06-10T10:10:00.000Z/Minute perms=prw-r--r--(644) owner=alice group=staff
other "agent.sock" size=0 mtime=2024-06-10T10:10:00.000Z/Minute perms=srwxrwxrwx(777) owner=alice group=staff
file  "acl-file" size=512 mtime=2024-04-01T00:00:00.000Z/Minute perms=-rw-r--r--(644) owner=alice group=staff
dir   "selinux-dir" size=4096 mtime=2024-04-02T00:00:00.000Z/Minute perms=drwxr-xr-x(755) owner=alice group=staff
file  "xattr-file.txt" size=1024 mtime=2024-04-03T00:00:00.000Z/Minute perms=-rw-r--r--(644) owner=alice group=staff
file  "huge.img" size=4294967296000 mtime=2024-06-15T00:00:00.000Z/Day perms=-rw-r--r--(644) owner=alice group=staff
