---
source: crates/courier-ftp/src/components/prompts/snapshot_tests.rs
expression: "format!(\"{text}{legend}\")"
---
 Quickconnect (not available yet)                                                                                                                               
 1 Local                                                                                                                                                        
┌ Message log · Tab 1 ─────────────────────────────────────────────────────────────────────────────────────────────────────────────────────────────────────────┐
│                                                                                                                                                              │
│                                                                                                                                                              │
│                                                                                                                                                              │
│                                                                                                                                                              │
│                                                                                                                                                              │
│                                                                                                                                                              │
└──────────────────────────────────────────────────────────────────────────────────────────────────────────────────────────────────────────────────────────────┘
┏▶Local ━━━━━━━━━━━━━━━━━━━━━━━━━━━━━━━━━━━━━━━━━━━━━━━━━━━━━━━━━━━━━━━━━━━━━━━┓┌ Remote ──────────────────────────────────────────────────────────────────────┐
┃                                                                              ┃│                                                                              │
┃                                                                              ┃│                                                                              │
┃                                                                              ┃│                                                                              │
┃                                         ┌ Unknown certificate ─────────────────────────────────────────────────────┐                                         │
┃                                         │ The server's certificate could not be verified:                          │                                         │
┃                                         │   ✘ issued by an unknown certificate authority                           │                                         │
┃                                         │   ✘ host name does not match (certificate is for www.example.com)        │                                         │
┃                                         │                                                                          │                                         │
┃                                         │ Host:       ftp.example.com:21 ✘ does not match                          │                                         │
┃                                         │ Subject:    CN=www.example.com, O=Example Ltd                            │                                         │
┃                                         │ Issuer:     CN=Example Root CA, O=Example Ltd                            │                                         │
┃                                         │ Valid:      2026-01-01 00:00 → 2026-09-28 00:00 UTC ✘ (expired 12 days   │                                         │
┃                                         │             ago)                                                         │d to any server                          │
┃                                         │ SHA-256:    00:07:0E:15:1C:23:2A:31:38:3F:46:4D:54:5B:62:69              │ · Ctrl-k Quickconnect                   │
┃                                         │             70:77:7E:85:8C:93:9A:A1:A8:AF:B6:BD:C4:CB:D2:D9              │                                         │
┃                                         │ SHA-1:      00:0D:1A:27:34:41:4E:5B:68:75:82:8F:9C:A9:B6:C3:D0:DD:EA:F7  │                                         │
┃                                         │ Session:    TLS 1.3, TLS_AES_256_GCM_SHA384                              │                                         │
┃                                         │ Chain:      2 certificates         [ Details… ]                          │                                         │
┃                                         │                                                                          │                                         │
┃                                         │ [ ] Always trust this certificate (unlock the vault to save it)          │                                         │
┃                                         │                                                                          │                                         │
┃                                         │                       [ Trust ]        [ Cancel ]                        │                                         │
┃                                         └──────────────────────────────────────────────────────────────────────────┘                                         │
┃                                                                              ┃│                                                                              │
┃                                                                              ┃│                                                                              │
┃                                                                              ┃│                                                                              │
┗━━━━━━━━━━━━━━━━━━━━━━━━━━━━━━━━━━━━━━━━━━━━━━━━━━━━━━━━━━━━━━━━━━━━━━━━━━━━━━┛└──────────────────────────────────────────────────────────────────────────────┘
┌ Queue ───────────────────────────────────────────────────────────────────────────────────────────────────────────────────────────────────────────────────────┐
│(not available yet)                                                                                                                                           │
│                                                                                                                                                              │
│                                                                                                                                                              │
│                                                                                                                                                              │
│                                                                                                                                                              │
│                                                                                                                                                              │
│                                                                                                                                                              │
└──────────────────────────────────────────────────────────────────────────────────────────────────────────────────────────────────────────────────────────────┘
 – not connected │ Type: Auto │ ⇅ off                                                                                                                  F10 quit 
--- styles ---
  0   0+1   Style::new().fg(Color::Indexed(3)).bg(Color::Reset).underline_color(Color::Reset).bold().dim()
  0   1+159 Style::new().fg(Color::Reset).bg(Color::Reset).underline_color(Color::Reset).dim()
  1   0+9   Style::new().fg(Color::Reset).bg(Color::Reset).underline_color(Color::Reset).bold().dim()
  1   9+151 Style::new().fg(Color::Reset).bg(Color::Reset).underline_color(Color::Reset).dim()
  2   0+160 Style::new().fg(Color::Reset).bg(Color::Reset).underline_color(Color::Reset).dim()
  3   0+160 Style::new().fg(Color::Reset).bg(Color::Reset).underline_color(Color::Reset).dim()
  4   0+160 Style::new().fg(Color::Reset).bg(Color::Reset).underline_color(Color::Reset).dim()
  5   0+160 Style::new().fg(Color::Reset).bg(Color::Reset).underline_color(Color::Reset).dim()
  6   0+160 Style::new().fg(Color::Reset).bg(Color::Reset).underline_color(Color::Reset).dim()
  7   0+160 Style::new().fg(Color::Reset).bg(Color::Reset).underline_color(Color::Reset).dim()
  8   0+160 Style::new().fg(Color::Reset).bg(Color::Reset).underline_color(Color::Reset).dim()
  9   0+160 Style::new().fg(Color::Reset).bg(Color::Reset).underline_color(Color::Reset).dim()
 10   0+80  Style::new().fg(Color::Indexed(3)).bg(Color::Reset).underline_color(Color::Reset).bold().dim()
 10  80+80  Style::new().fg(Color::Reset).bg(Color::Reset).underline_color(Color::Reset).dim()
 11   0+1   Style::new().fg(Color::Indexed(3)).bg(Color::Reset).underline_color(Color::Reset).bold().dim()
 11   1+78  Style::new().fg(Color::Reset).bg(Color::Reset).underline_color(Color::Reset).dim()
 11  79+1   Style::new().fg(Color::Indexed(3)).bg(Color::Reset).underline_color(Color::Reset).bold().dim()
 11  80+80  Style::new().fg(Color::Reset).bg(Color::Reset).underline_color(Color::Reset).dim()
 12   0+1   Style::new().fg(Color::Indexed(3)).bg(Color::Reset).underline_color(Color::Reset).bold().dim()
 12   1+78  Style::new().fg(Color::Reset).bg(Color::Reset).underline_color(Color::Reset).dim()
 12  79+1   Style::new().fg(Color::Indexed(3)).bg(Color::Reset).underline_color(Color::Reset).bold().dim()
 12  80+80  Style::new().fg(Color::Reset).bg(Color::Reset).underline_color(Color::Reset).dim()
 13   0+1   Style::new().fg(Color::Indexed(3)).bg(Color::Reset).underline_color(Color::Reset).bold().dim()
 13   1+78  Style::new().fg(Color::Reset).bg(Color::Reset).underline_color(Color::Reset).dim()
 13  79+1   Style::new().fg(Color::Indexed(3)).bg(Color::Reset).underline_color(Color::Reset).bold().dim()
 13  80+80  Style::new().fg(Color::Reset).bg(Color::Reset).underline_color(Color::Reset).dim()
 14   0+1   Style::new().fg(Color::Indexed(3)).bg(Color::Reset).underline_color(Color::Reset).bold().dim()
 14   1+41  Style::new().fg(Color::Reset).bg(Color::Reset).underline_color(Color::Reset).dim()
 14  42+76  Style::new().fg(Color::Reset).bg(Color::Reset).underline_color(Color::Reset).bold()
 14 118+42  Style::new().fg(Color::Reset).bg(Color::Reset).underline_color(Color::Reset).dim()
 15   0+1   Style::new().fg(Color::Indexed(3)).bg(Color::Reset).underline_color(Color::Reset).bold().dim()
 15   1+41  Style::new().fg(Color::Reset).bg(Color::Reset).underline_color(Color::Reset).dim()
 15  42+1   Style::new().fg(Color::Reset).bg(Color::Reset).underline_color(Color::Reset).bold()
 15 117+1   Style::new().fg(Color::Reset).bg(Color::Reset).underline_color(Color::Reset).bold()
 15 118+42  Style::new().fg(Color::Reset).bg(Color::Reset).underline_color(Color::Reset).dim()
 16   0+1   Style::new().fg(Color::Indexed(3)).bg(Color::Reset).underline_color(Color::Reset).bold().dim()
 16   1+41  Style::new().fg(Color::Reset).bg(Color::Reset).underline_color(Color::Reset).dim()
 16  42+1   Style::new().fg(Color::Reset).bg(Color::Reset).underline_color(Color::Reset).bold()
 16  44+46  Style::new().fg(Color::Indexed(1)).bg(Color::Reset).underline_color(Color::Reset).bold()
 16 117+1   Style::new().fg(Color::Reset).bg(Color::Reset).underline_color(Color::Reset).bold()
 16 118+42  Style::new().fg(Color::Reset).bg(Color::Reset).underline_color(Color::Reset).dim()
 17   0+1   Style::new().fg(Color::Indexed(3)).bg(Color::Reset).underline_color(Color::Reset).bold().dim()
 17   1+41  Style::new().fg(Color::Reset).bg(Color::Reset).underline_color(Color::Reset).dim()
 17  42+1   Style::new().fg(Color::Reset).bg(Color::Reset).underline_color(Color::Reset).bold()
 17  44+65  Style::new().fg(Color::Indexed(1)).bg(Color::Reset).underline_color(Color::Reset).bold()
 17 117+1   Style::new().fg(Color::Reset).bg(Color::Reset).underline_color(Color::Reset).bold()
 17 118+42  Style::new().fg(Color::Reset).bg(Color::Reset).underline_color(Color::Reset).dim()
 18   0+1   Style::new().fg(Color::Indexed(3)).bg(Color::Reset).underline_color(Color::Reset).bold().dim()
 18   1+41  Style::new().fg(Color::Reset).bg(Color::Reset).underline_color(Color::Reset).dim()
 18  42+1   Style::new().fg(Color::Reset).bg(Color::Reset).underline_color(Color::Reset).bold()
 18 117+1   Style::new().fg(Color::Reset).bg(Color::Reset).underline_color(Color::Reset).bold()
 18 118+42  Style::new().fg(Color::Reset).bg(Color::Reset).underline_color(Color::Reset).dim()
 19   0+1   Style::new().fg(Color::Indexed(3)).bg(Color::Reset).underline_color(Color::Reset).bold().dim()
 19   1+41  Style::new().fg(Color::Reset).bg(Color::Reset).underline_color(Color::Reset).dim()
 19  42+1   Style::new().fg(Color::Reset).bg(Color::Reset).underline_color(Color::Reset).bold()
 19  75+16  Style::new().fg(Color::Indexed(1)).bg(Color::Reset).underline_color(Color::Reset).bold()
 19 117+1   Style::new().fg(Color::Reset).bg(Color::Reset).underline_color(Color::Reset).bold()
 19 118+42  Style::new().fg(Color::Reset).bg(Color::Reset).underline_color(Color::Reset).dim()
 20   0+1   Style::new().fg(Color::Indexed(3)).bg(Color::Reset).underline_color(Color::Reset).bold().dim()
 20   1+41  Style::new().fg(Color::Reset).bg(Color::Reset).underline_color(Color::Reset).dim()
 20  42+1   Style::new().fg(Color::Reset).bg(Color::Reset).underline_color(Color::Reset).bold()
 20 117+1   Style::new().fg(Color::Reset).bg(Color::Reset).underline_color(Color::Reset).bold()
 20 118+42  Style::new().fg(Color::Reset).bg(Color::Reset).underline_color(Color::Reset).dim()
 21   0+1   Style::new().fg(Color::Indexed(3)).bg(Color::Reset).underline_color(Color::Reset).bold().dim()
 21   1+41  Style::new().fg(Color::Reset).bg(Color::Reset).underline_color(Color::Reset).dim()
 21  42+1   Style::new().fg(Color::Reset).bg(Color::Reset).underline_color(Color::Reset).bold()
 21 117+1   Style::new().fg(Color::Reset).bg(Color::Reset).underline_color(Color::Reset).bold()
 21 118+42  Style::new().fg(Color::Reset).bg(Color::Reset).underline_color(Color::Reset).dim()
 22   0+1   Style::new().fg(Color::Indexed(3)).bg(Color::Reset).underline_color(Color::Reset).bold().dim()
 22   1+41  Style::new().fg(Color::Reset).bg(Color::Reset).underline_color(Color::Reset).dim()
 22  42+1   Style::new().fg(Color::Reset).bg(Color::Reset).underline_color(Color::Reset).bold()
 22  96+18  Style::new().fg(Color::Indexed(1)).bg(Color::Reset).underline_color(Color::Reset).bold()
 22 117+1   Style::new().fg(Color::Reset).bg(Color::Reset).underline_color(Color::Reset).bold()
 22 118+42  Style::new().fg(Color::Reset).bg(Color::Reset).underline_color(Color::Reset).dim()
 23   0+1   Style::new().fg(Color::Indexed(3)).bg(Color::Reset).underline_color(Color::Reset).bold().dim()
 23   1+41  Style::new().fg(Color::Reset).bg(Color::Reset).underline_color(Color::Reset).dim()
 23  42+1   Style::new().fg(Color::Reset).bg(Color::Reset).underline_color(Color::Reset).bold()
 23  56+4   Style::new().fg(Color::Indexed(1)).bg(Color::Reset).underline_color(Color::Reset).bold()
 23 117+1   Style::new().fg(Color::Reset).bg(Color::Reset).underline_color(Color::Reset).bold()
 23 118+42  Style::new().fg(Color::Reset).bg(Color::Reset).underline_color(Color::Reset).dim()
 24   0+1   Style::new().fg(Color::Indexed(3)).bg(Color::Reset).underline_color(Color::Reset).bold().dim()
 24   1+41  Style::new().fg(Color::Reset).bg(Color::Reset).underline_color(Color::Reset).dim()
 24  42+1   Style::new().fg(Color::Reset).bg(Color::Reset).underline_color(Color::Reset).bold()
 24 117+1   Style::new().fg(Color::Reset).bg(Color::Reset).underline_color(Color::Reset).bold()
 24 118+42  Style::new().fg(Color::Reset).bg(Color::Reset).underline_color(Color::Reset).dim()
 25   0+1   Style::new().fg(Color::Indexed(3)).bg(Color::Reset).underline_color(Color::Reset).bold().dim()
 25   1+41  Style::new().fg(Color::Reset).bg(Color::Reset).underline_color(Color::Reset).dim()
 25  42+1   Style::new().fg(Color::Reset).bg(Color::Reset).underline_color(Color::Reset).bold()
 25 117+1   Style::new().fg(Color::Reset).bg(Color::Reset).underline_color(Color::Reset).bold()
 25 118+42  Style::new().fg(Color::Reset).bg(Color::Reset).underline_color(Color::Reset).dim()
 26   0+1   Style::new().fg(Color::Indexed(3)).bg(Color::Reset).underline_color(Color::Reset).bold().dim()
 26   1+41  Style::new().fg(Color::Reset).bg(Color::Reset).underline_color(Color::Reset).dim()
 26  42+1   Style::new().fg(Color::Reset).bg(Color::Reset).underline_color(Color::Reset).bold()
 26 117+1   Style::new().fg(Color::Reset).bg(Color::Reset).underline_color(Color::Reset).bold()
 26 118+42  Style::new().fg(Color::Reset).bg(Color::Reset).underline_color(Color::Reset).dim()
 27   0+1   Style::new().fg(Color::Indexed(3)).bg(Color::Reset).underline_color(Color::Reset).bold().dim()
 27   1+41  Style::new().fg(Color::Reset).bg(Color::Reset).underline_color(Color::Reset).dim()
 27  42+1   Style::new().fg(Color::Reset).bg(Color::Reset).underline_color(Color::Reset).bold()
 27 117+1   Style::new().fg(Color::Reset).bg(Color::Reset).underline_color(Color::Reset).bold()
 27 118+42  Style::new().fg(Color::Reset).bg(Color::Reset).underline_color(Color::Reset).dim()
 28   0+1   Style::new().fg(Color::Indexed(3)).bg(Color::Reset).underline_color(Color::Reset).bold().dim()
 28   1+41  Style::new().fg(Color::Reset).bg(Color::Reset).underline_color(Color::Reset).dim()
 28  42+1   Style::new().fg(Color::Reset).bg(Color::Reset).underline_color(Color::Reset).bold()
 28 117+1   Style::new().fg(Color::Reset).bg(Color::Reset).underline_color(Color::Reset).bold()
 28 118+42  Style::new().fg(Color::Reset).bg(Color::Reset).underline_color(Color::Reset).dim()
 29   0+1   Style::new().fg(Color::Indexed(3)).bg(Color::Reset).underline_color(Color::Reset).bold().dim()
 29   1+41  Style::new().fg(Color::Reset).bg(Color::Reset).underline_color(Color::Reset).dim()
 29  42+1   Style::new().fg(Color::Reset).bg(Color::Reset).underline_color(Color::Reset).bold()
 29 117+1   Style::new().fg(Color::Reset).bg(Color::Reset).underline_color(Color::Reset).bold()
 29 118+42  Style::new().fg(Color::Reset).bg(Color::Reset).underline_color(Color::Reset).dim()
 30   0+1   Style::new().fg(Color::Indexed(3)).bg(Color::Reset).underline_color(Color::Reset).bold().dim()
 30   1+41  Style::new().fg(Color::Reset).bg(Color::Reset).underline_color(Color::Reset).dim()
 30  42+1   Style::new().fg(Color::Reset).bg(Color::Reset).underline_color(Color::Reset).bold()
 30  44+63  Style::new().fg(Color::Reset).bg(Color::Reset).underline_color(Color::Reset).dim()
 30 117+1   Style::new().fg(Color::Reset).bg(Color::Reset).underline_color(Color::Reset).bold()
 30 118+42  Style::new().fg(Color::Reset).bg(Color::Reset).underline_color(Color::Reset).dim()
 31   0+1   Style::new().fg(Color::Indexed(3)).bg(Color::Reset).underline_color(Color::Reset).bold().dim()
 31   1+41  Style::new().fg(Color::Reset).bg(Color::Reset).underline_color(Color::Reset).dim()
 31  42+1   Style::new().fg(Color::Reset).bg(Color::Reset).underline_color(Color::Reset).bold()
 31 117+1   Style::new().fg(Color::Reset).bg(Color::Reset).underline_color(Color::Reset).bold()
 31 118+42  Style::new().fg(Color::Reset).bg(Color::Reset).underline_color(Color::Reset).dim()
 32   0+1   Style::new().fg(Color::Indexed(3)).bg(Color::Reset).underline_color(Color::Reset).bold().dim()
 32   1+41  Style::new().fg(Color::Reset).bg(Color::Reset).underline_color(Color::Reset).dim()
 32  42+1   Style::new().fg(Color::Reset).bg(Color::Reset).underline_color(Color::Reset).bold()
 32  66+9   Style::new().fg(Color::Reset).bg(Color::Reset).underline_color(Color::Reset).bold().reversed()
 32 117+1   Style::new().fg(Color::Reset).bg(Color::Reset).underline_color(Color::Reset).bold()
 32 118+42  Style::new().fg(Color::Reset).bg(Color::Reset).underline_color(Color::Reset).dim()
 33   0+1   Style::new().fg(Color::Indexed(3)).bg(Color::Reset).underline_color(Color::Reset).bold().dim()
 33   1+41  Style::new().fg(Color::Reset).bg(Color::Reset).underline_color(Color::Reset).dim()
 33  42+76  Style::new().fg(Color::Reset).bg(Color::Reset).underline_color(Color::Reset).bold()
 33 118+42  Style::new().fg(Color::Reset).bg(Color::Reset).underline_color(Color::Reset).dim()
 34   0+1   Style::new().fg(Color::Indexed(3)).bg(Color::Reset).underline_color(Color::Reset).bold().dim()
 34   1+78  Style::new().fg(Color::Reset).bg(Color::Reset).underline_color(Color::Reset).dim()
 34  79+1   Style::new().fg(Color::Indexed(3)).bg(Color::Reset).underline_color(Color::Reset).bold().dim()
 34  80+80  Style::new().fg(Color::Reset).bg(Color::Reset).underline_color(Color::Reset).dim()
 35   0+1   Style::new().fg(Color::Indexed(3)).bg(Color::Reset).underline_color(Color::Reset).bold().dim()
 35   1+78  Style::new().fg(Color::Reset).bg(Color::Reset).underline_color(Color::Reset).dim()
 35  79+1   Style::new().fg(Color::Indexed(3)).bg(Color::Reset).underline_color(Color::Reset).bold().dim()
 35  80+80  Style::new().fg(Color::Reset).bg(Color::Reset).underline_color(Color::Reset).dim()
 36   0+1   Style::new().fg(Color::Indexed(3)).bg(Color::Reset).underline_color(Color::Reset).bold().dim()
 36   1+78  Style::new().fg(Color::Reset).bg(Color::Reset).underline_color(Color::Reset).dim()
 36  79+1   Style::new().fg(Color::Indexed(3)).bg(Color::Reset).underline_color(Color::Reset).bold().dim()
 36  80+80  Style::new().fg(Color::Reset).bg(Color::Reset).underline_color(Color::Reset).dim()
 37   0+80  Style::new().fg(Color::Indexed(3)).bg(Color::Reset).underline_color(Color::Reset).bold().dim()
 37  80+80  Style::new().fg(Color::Reset).bg(Color::Reset).underline_color(Color::Reset).dim()
 38   0+160 Style::new().fg(Color::Reset).bg(Color::Reset).underline_color(Color::Reset).dim()
 39   0+160 Style::new().fg(Color::Reset).bg(Color::Reset).underline_color(Color::Reset).dim()
 40   0+160 Style::new().fg(Color::Reset).bg(Color::Reset).underline_color(Color::Reset).dim()
 41   0+160 Style::new().fg(Color::Reset).bg(Color::Reset).underline_color(Color::Reset).dim()
 42   0+160 Style::new().fg(Color::Reset).bg(Color::Reset).underline_color(Color::Reset).dim()
 43   0+160 Style::new().fg(Color::Reset).bg(Color::Reset).underline_color(Color::Reset).dim()
 44   0+160 Style::new().fg(Color::Reset).bg(Color::Reset).underline_color(Color::Reset).dim()
 45   0+160 Style::new().fg(Color::Reset).bg(Color::Reset).underline_color(Color::Reset).dim()
 46   0+160 Style::new().fg(Color::Reset).bg(Color::Reset).underline_color(Color::Reset).dim()
 47   0+1   Style::new().fg(Color::Reset).bg(Color::Indexed(236)).underline_color(Color::Reset).dim()
 47   1+15  Style::new().fg(Color::Indexed(246)).bg(Color::Indexed(236)).underline_color(Color::Reset).dim()
 47  16+135 Style::new().fg(Color::Reset).bg(Color::Indexed(236)).underline_color(Color::Reset).dim()
 47 151+3   Style::new().fg(Color::Reset).bg(Color::Indexed(236)).underline_color(Color::Reset).bold().dim()
 47 154+6   Style::new().fg(Color::Reset).bg(Color::Indexed(236)).underline_color(Color::Reset).dim()
