---
source: crates/courier-ftp/src/snapshot_tests.rs
expression: screen
---
 1 Local                                                    
┏▶Remote ━━━━━━━━━━━━━━━━━━━━━━━━━━━━━━━━━━━━━━━━━━━━━━━━━━┓
┃                                                          ┃
┃                                                          ┃
┃                                                          ┃
┃                                                          ┃
┃                                                          ┃
┃               Not connected to any server                ┃
┃        Ctrl-s Site Manager · Ctrl-k Quickconnect         ┃
┃                                                          ┃
┃                                                          ┃
┃                                                          ┃
┃                                                          ┃
┃                                                          ┃
┗━━━━━━━━━━━━━━━━━━━━━━━━━━━━━━━━━━━━━━━━━━━━━━━━━━━━━━━━━━┛
 NORMAL │ compact: Tab = other side, Shift-Tab = log/queue
