---
source: crates/courier-ftp/src/snapshot_tests.rs
expression: screen
---
 Quickconnect (not available yet)                                               
 1 Local                                                                        
+ Message log - Tab 1 ---------------------------------------------------------+
|                                                                              |
|                                                                              |
+------------------------------------------------------------------------------+
#>Local ===============================#+ Remote ------------------------------+
#                                      #|                                      |
#                                      #|                                      |
#                                      #|                                      |
#                                      #|                                      |
#                                      #|                                      |
#                                      #|     Not connected to any server      |
#                                      #|Ctrl-s Site Manager - Ctrl-k Quickcon~|
#                                      #|                                      |
#                                      #|                                      |
#                                      #|                                      |
#                                      #|                                      |
#======================================#+--------------------------------------+
+ Queue -----------------------------------------------------------------------+
|(not available yet)                                                           |
|                                                                              |
+------------------------------------------------------------------------------+
 NORMAL                                                       F1 help  F10 quit
