---
source: crates/courier-ftp/src/components/dialog/snapshot_tests.rs
expression: "hs.render(w, h)"
---
 Quickconnect (not available yet)                                                                                                                               
 1 Local                                                                                                                                                        
┌ Message log · Tab 1 ─────────────────────────────────────────────────────────────────────────────────────────────────────────────────────────────────────────┐
│                                                                                                                                                              │
│                                                                                                                                                              │
│                                                                                                                                                              │
│                                                                                                                                                              │
│                                                                                                                                                              │
│                                                                                                                                                              │
└──────────────────────────────────────────────────────────────────────────────────────────────────────────────────────────────────────────────────────────────┘
┏▶Local ━━━━━━━━━━━━━━━━━━━━━━━━━━━━━━━━━━━━━━━━━━━━━━━━━━━━━━━━━━━━━━━━━━━━━━━┓┌ Remote ──────────────────────────────────────────────────────────────────────┐
┃                                                                              ┃│                                                                              │
┃                                                                              ┃│                                                                              │
┃                                                                              ┃│                                                                              │
┃                                                                              ┃│                                                                              │
┃                                                                              ┃│                                                                              │
┃                                                                              ┃│                                                                              │
┃                                                                              ┃│                                                                              │
┃                                                                              ┃│                                                                              │
┃                                                                              ┃│                                                                              │
┃                                                                              ┃│                                                                              │
┃                                                           ┌ Overwrite ───────────────────────────┐                                                           │
┃                                                           │ Overwrite the bookmark "Projects"?   │                                                           │
┃                                                           │                                      │      Not connected to any server                          │
┃                                                           │          [ OK ]  [ Cancel ]          │trl-s Site Manager · Ctrl-k Quickconnect                   │
┃                                                           └──────────────────────────────────────┘                                                           │
┃                                                                              ┃│                                                                              │
┃                                                                              ┃│                                                                              │
┃                                                                              ┃│                                                                              │
┃                                                                              ┃│                                                                              │
┃                                                                              ┃│                                                                              │
┃                                                                              ┃│                                                                              │
┃                                                                              ┃│                                                                              │
┃                                                                              ┃│                                                                              │
┃                                                                              ┃│                                                                              │
┃                                                                              ┃│                                                                              │
┃                                                                              ┃│                                                                              │
┗━━━━━━━━━━━━━━━━━━━━━━━━━━━━━━━━━━━━━━━━━━━━━━━━━━━━━━━━━━━━━━━━━━━━━━━━━━━━━━┛└──────────────────────────────────────────────────────────────────────────────┘
┌ Queue ───────────────────────────────────────────────────────────────────────────────────────────────────────────────────────────────────────────────────────┐
│(not available yet)                                                                                                                                           │
│                                                                                                                                                              │
│                                                                                                                                                              │
│                                                                                                                                                              │
│                                                                                                                                                              │
│                                                                                                                                                              │
│                                                                                                                                                              │
└──────────────────────────────────────────────────────────────────────────────────────────────────────────────────────────────────────────────────────────────┘
 DIALOG                                                                                                                                       F1 help  F10 quit
