---
source: crates/courier-ftp/src/components/dialog/snapshot_tests.rs
expression: "hs.render(w, h)"
---
 Quickconnect (not available yet)                                               
 1 Local                                                                        
┌ Message log · Tab 1 ─────────────────────────────────────────────────────────┐
│                                                                              │
│                                                                              │
└──────────────────────────────────────────────────────────────────────────────┘
┏▶Local ━━━━━━━━━━━━━━━━━━━━━━━━━━━━━━━┓┌ Remote ──────────────────────────────┐
┃                                      ┃│                                      │
┃         ┌ Site ────────────────────────────────────────────────────┐         │
┃         │ General  [Advanced]  Transfer                            │         │
┃         │                                                          │         │
┃         │ ▶Remote directory │                                      │         │
┃         │  Bypass proxy     │ [ ]                                  │ver      │
┃         │                                                          │Quickcon…│
┃         │                    [ OK ]  [ Cancel ]                    │         │
┃         └──────────────────────────────────────────────────────────┘         │
┃                                      ┃│                                      │
┃                                      ┃│                                      │
┗━━━━━━━━━━━━━━━━━━━━━━━━━━━━━━━━━━━━━━┛└──────────────────────────────────────┘
┌ Queue ───────────────────────────────────────────────────────────────────────┐
│(not available yet)                                                           │
│                                                                              │
└──────────────────────────────────────────────────────────────────────────────┘
 – not connected │ Type: Auto │ ⇅ off                                  F10 quit
