---
source: crates/courier-ftp/src/components/dialog/snapshot_tests.rs
expression: "hs.render(w, h)"
---
 Quickconnect (not available yet)                                                                                                                               
 1 Local                                                                                                                                                        
┌ Message log ─────────────────────────────────────────────────────────────────────────────────────────────────────────────────────────────────────────────────┐
│(not available yet)                                                                                                                                           │
│                                                                                                                                                              │
│                                                                                                                                                              │
│                                                                                                                                                              │
│                                                                                                                                                              │
│                                                                                                                                                              │
└──────────────────────────────────────────────────────────────────────────────────────────────────────────────────────────────────────────────────────────────┘
┏▶Local ━━━━━━━━━━━━━━━━━━━━━━━━━━━━━━━━━━━━━━━━━━━━━━━━━━━━━━━━━━━━━━━━━━━━━━━┓┌ Remote ──────────────────────────────────────────────────────────────────────┐
┃(not available yet)                                                           ┃│(not available yet)                                                           │
┃                                                                              ┃│                                                                              │
┃                                                                              ┃│                                                                              │
┃                                                                              ┃│                                                                              │
┃                                                                              ┃│                                                                              │
┃                                                                              ┃│                                                                              │
┃                                                                              ┃│                                                                              │
┃                                                                              ┃│                                                                              │
┃                                                                              ┃│                                                                              │
┃                                                                              ┃│                                                                              │
┃                                                ┌ Error ────────────────────────────────────────────────────┐                                                 │
┃                                                │ Refreshing /var/www: could not read the directory listing │                                                 │
┃                                                │ Caused by: connection reset by peer                       │                                                 │
┃                                                │                                                           │                                                 │
┃                                                │                    [ OK ]  [ Details ]                    │                                                 │
┃                                                └───────────────────────────────────────────────────────────┘                                                 │
┃                                                                              ┃│                                                                              │
┃                                                                              ┃│                                                                              │
┃                                                                              ┃│                                                                              │
┃                                                                              ┃│                                                                              │
┃                                                                              ┃│                                                                              │
┃                                                                              ┃│                                                                              │
┃                                                                              ┃│                                                                              │
┃                                                                              ┃│                                                                              │
┃                                                                              ┃│                                                                              │
┃                                                                              ┃│                                                                              │
┗━━━━━━━━━━━━━━━━━━━━━━━━━━━━━━━━━━━━━━━━━━━━━━━━━━━━━━━━━━━━━━━━━━━━━━━━━━━━━━┛└──────────────────────────────────────────────────────────────────────────────┘
┌ Queue ───────────────────────────────────────────────────────────────────────────────────────────────────────────────────────────────────────────────────────┐
│(not available yet)                                                                                                                                           │
│                                                                                                                                                              │
│                                                                                                                                                              │
│                                                                                                                                                              │
│                                                                                                                                                              │
│                                                                                                                                                              │
│                                                                                                                                                              │
└──────────────────────────────────────────────────────────────────────────────────────────────────────────────────────────────────────────────────────────────┘
 DIALOG                                                                                                                                       F1 help  F10 quit
