---
source: crates/courier-ftp/src/components/dialog/snapshot_tests.rs
expression: "hs.render(w, h)"
---
 Quickconnect (not available yet)                                               
 1 Local                                                                        
┌ Message log · Tab 1 ─────────────────────────────────────────────────────────┐
│                                                                              │
│                                                                              │
└──────────────────────────────────────────────────────────────────────────────┘
┏▶Local ━━━━━━━━━━━━━━━━━━━━━━━━━━━━━━━┓┌ Remote ──────────────────────────────┐
┃(not available yet)                   ┃│(not available yet)                   │
┃                                      ┃│                                      │
┃                   ┌ Info: Transfer ──────────────────────┐                   │
┃                   │ 12 files were transferred.           │                   │
┃                   │ The queue is empty.                  │                   │
┃                   │                                      │                   │
┃                   │                [ OK ]                │                   │
┃                   └──────────────────────────────────────┘                   │
┃                                      ┃│                                      │
┃                                      ┃│                                      │
┃                                      ┃│                                      │
┗━━━━━━━━━━━━━━━━━━━━━━━━━━━━━━━━━━━━━━┛└──────────────────────────────────────┘
┌ Queue ───────────────────────────────────────────────────────────────────────┐
│(not available yet)                                                           │
│                                                                              │
└──────────────────────────────────────────────────────────────────────────────┘
 DIALOG                                                       F1 help  F10 quit
