---
source: crates/courier-ftp/src/components/dialog/snapshot_tests.rs
expression: "h.render(160, 48)"
---
 Quickconnect (not available yet)                                                                                                                               
 1 Local                                                                                                                                                        
┌ Message log · Tab 1 ─────────────────────────────────────────────────────────────────────────────────────────────────────────────────────────────────────────┐
│                                                                                                                                                              │
│                                                                                                                                                              │
│                                                                                                                                                              │
│                                                                                                                                                              │
│                                                                                                                                                              │
│                                                                                                                                                              │
└──────────────────────────────────────────────────────────────────────────────────────────────────────────────────────────────────────────────────────────────┘
┏▶Local ━━━━━━━━━━━━━━━━━━━━━━━━━━━━━━━━━━━━━━━━━━━━━━━━━━━━━━━━━━━━━━━━━━━━━━━┓┌ Remote ──────────────────────────────────────────────────────────────────────┐
┃                                                                              ┃│                                                                              │
┃                                                                              ┃│                                                                              │
┃                                                                              ┃│                                                                              │
┃                                                                              ┃│                                                                              │
┃                                                 ┌ Site settings ───────────────────────────────────────────┐                                                 │
┃                                                 │ ▶Host             │ example.org                          │                                                 │
┃                                                 │  Password         │                                      │                                                 │
┃                                                 │  Port             │ 22                                   │                                                 │
┃                                                 │  Passive mode     │ [x]                                  │                                                 │
┃                                                 │  Execute          │ [-]                                  │                                                 │
┃                                                 │  Protocol         │ SFTP                               ▾ │                                                 │
┃                                                 │  Transfer mode    │ (•) Auto  ( ) ASCII  ( ) Binary      │                                                 │
┃                                                 │  Remote directory │ /var/www                             │connected to any server                          │
┃                                                 │  Comments         │ first line                           │ Manager · Ctrl-k Quickconnect                   │
┃                                                 │                     second line                          │                                                 │
┃                                                 │  Columns          │ [x] Name                             │                                                 │
┃                                                 │                     [x] Size                             │                                                 │
┃                                                 │                     [ ] Owner                            │                                                 │
┃                                                 │ Server name or IP address                                │                                                 │
┃                                                 │                    [ OK ]  [ Cancel ]                    │                                                 │
┃                                                 └──────────────────────────────────────────────────────────┘                                                 │
┃                                                                              ┃│                                                                              │
┃                                                                              ┃│                                                                              │
┃                                                                              ┃│                                                                              │
┃                                                                              ┃│                                                                              │
┃                                                                              ┃│                                                                              │
┗━━━━━━━━━━━━━━━━━━━━━━━━━━━━━━━━━━━━━━━━━━━━━━━━━━━━━━━━━━━━━━━━━━━━━━━━━━━━━━┛└──────────────────────────────────────────────────────────────────────────────┘
┌ Queue ───────────────────────────────────────────────────────────────────────────────────────────────────────────────────────────────────────────────────────┐
│(not available yet)                                                                                                                                           │
│                                                                                                                                                              │
│                                                                                                                                                              │
│                                                                                                                                                              │
│                                                                                                                                                              │
│                                                                                                                                                              │
│                                                                                                                                                              │
└──────────────────────────────────────────────────────────────────────────────────────────────────────────────────────────────────────────────────────────────┘
 – not connected │ Type: Auto │ ⇅ off                                                                                                                  F10 quit
