---
source: crates/courier-ftp/src/components/dialog/snapshot_tests.rs
expression: "hs.render(w, h)"
---
 Quickconnect (not available yet)                                               
 1 Local                                                                        
┌ Message log · Tab 1 ─────────────────────────────────────────────────────────┐
│                                                                              │
│                                                                              │
└──────────────────────────────────────────────────────────────────────────────┘
┏▶Local ━━━━━━┌ Columns ────────────────────────────────────────┐──────────────┐
┃(not availabl│ ▶Columns │ [x] Name                             │              │
┃             │            [x] Name                             │              │
┃             │                                                 │              │
┃             │                                                 │              │
┃             │                                                 │              │
┃             │                                                 │              │
┃             │                                                 │              │
┃             │            /me_                                 │              │
┃             │                                                 │              │
┃             │               [ OK ]  [ Cancel ]                │              │
┃             └─────────────────────────────────────────────────┘              │
┗━━━━━━━━━━━━━━━━━━━━━━━━━━━━━━━━━━━━━━┛└──────────────────────────────────────┘
┌ Queue ───────────────────────────────────────────────────────────────────────┐
│(not available yet)                                                           │
│                                                                              │
└──────────────────────────────────────────────────────────────────────────────┘
 DIALOG                                                       F1 help  F10 quit
