---
source: crates/courier-ftp/src/components/dialog/snapshot_tests.rs
expression: "hs.render(w, h)"
---
 Quickconnect (not available yet)                                               
 1 Local                                                                        
┌ Message log · Tab 1 ─────────────────────────────────────────────────────────┐
│                                                                              │
│                                                                              │
└──────────────────────────────────────────────────────────────────────────────┘
┏▶Local ━━━━━━━━━━━━━━━━━━━━━━━━━━━━━━━┓┌ Remote ──────────────────────────────┐
┃                                      ┃│                                      │
┃             ┌ Connect ─────────────────────────────────────────┐             │
┃             │  Hos┌ Discard changes? ────────────────────┐     │             │
┃             │  Por│ Your changes will be lost.           │     │             │
┃             │  Use│                                      │     │             │
┃             │  Pas│       [ Discard ]  [ Cancel ]        │     │ server      │
┃             │ Serv└──────────────────────────────────────┘     │l-k Quickcon…│
┃             │                [ OK ]  [ Cancel ]                │             │
┃             └──────────────────────────────────────────────────┘             │
┃                                      ┃│                                      │
┃                                      ┃│                                      │
┗━━━━━━━━━━━━━━━━━━━━━━━━━━━━━━━━━━━━━━┛└──────────────────────────────────────┘
┌ Queue ───────────────────────────────────────────────────────────────────────┐
│(not available yet)                                                           │
│                                                                              │
└──────────────────────────────────────────────────────────────────────────────┘
 DIALOG                                                       F1 help  F10 quit
