---
source: crates/courier-ftp/src/app/vault/snapshot_tests.rs
expression: text
---
                                                                                                                                                                
                                                                                                                                                                
                                                                                                                                                                
                                                                                                                                                                
                                                                                                                                                                
                                                                                                                                                                
                                                                                                                                                                
                                                                                                                                                                
                                                                                                                                                                
                                                                                                                                                                
                                                                                                                                                                
                                                                                                                                                                
                                                                                                                                                                
                                                                                                                                                                
                                                                                                                                                                
                                                                                                                                                                
                                                                                                                                                                
                                                                                                                                                                
                                                  ┌ Change master password ──────────────────────────────────┐                                                  
                                                  │Unlocked with the keyring. Choose a new master password.  │                                                  
                                                  │                                                          │                                                  
                                                  │New password      ••••••••••••••••••••••••••••▏           │                                                  
                                                  │Confirm                                                   │                                                  
                                                  │                                                          │                                                  
                                                  │Strength          █████ very strong                       │                                                  
                                                  │                                                          │                                                  
                                                  │                                                          │                                                  
                                                  │Tab next field · Enter save                               │                                                  
                                                  └──────────────────────────────────────────────────────────┘                                                  
                                                                                                                                                                
                                                                                                                                                                
                                                                                                                                                                
                                                                                                                                                                
                                                                                                                                                                
                                                                                                                                                                
                                                                                                                                                                
                                                                                                                                                                
                                                                                                                                                                
                                                                                                                                                                
                                                                                                                                                                
                                                                                                                                                                
                                                                                                                                                                
                                                                                                                                                                
                                                                                                                                                                
                                                                                                                                                                
                                                                                                                                                                
                                                                                                                                                                
                                                                                                                                                                
--- styles ---
 18  50+60  Style::new().fg(Color::Reset).bg(Color::Reset).underline_color(Color::Reset).bold()
 19  50+1   Style::new().fg(Color::Reset).bg(Color::Reset).underline_color(Color::Reset).bold()
 19 109+1   Style::new().fg(Color::Reset).bg(Color::Reset).underline_color(Color::Reset).bold()
 20  50+1   Style::new().fg(Color::Reset).bg(Color::Reset).underline_color(Color::Reset).bold()
 20 109+1   Style::new().fg(Color::Reset).bg(Color::Reset).underline_color(Color::Reset).bold()
 21  50+1   Style::new().fg(Color::Reset).bg(Color::Reset).underline_color(Color::Reset).bold()
 21  51+47  Style::new().fg(Color::Indexed(6)).bg(Color::Reset).underline_color(Color::Reset).bold()
 21 109+1   Style::new().fg(Color::Reset).bg(Color::Reset).underline_color(Color::Reset).bold()
 22  50+1   Style::new().fg(Color::Reset).bg(Color::Reset).underline_color(Color::Reset).bold()
 22  51+18  Style::new().fg(Color::Reset).bg(Color::Reset).underline_color(Color::Reset).dim()
 22 109+1   Style::new().fg(Color::Reset).bg(Color::Reset).underline_color(Color::Reset).bold()
 23  50+1   Style::new().fg(Color::Reset).bg(Color::Reset).underline_color(Color::Reset).bold()
 23 109+1   Style::new().fg(Color::Reset).bg(Color::Reset).underline_color(Color::Reset).bold()
 24  50+1   Style::new().fg(Color::Reset).bg(Color::Reset).underline_color(Color::Reset).bold()
 24  51+18  Style::new().fg(Color::Reset).bg(Color::Reset).underline_color(Color::Reset).dim()
 24  69+17  Style::new().fg(Color::Indexed(2)).bg(Color::Reset).underline_color(Color::Reset)
 24 109+1   Style::new().fg(Color::Reset).bg(Color::Reset).underline_color(Color::Reset).bold()
 25  50+1   Style::new().fg(Color::Reset).bg(Color::Reset).underline_color(Color::Reset).bold()
 25 109+1   Style::new().fg(Color::Reset).bg(Color::Reset).underline_color(Color::Reset).bold()
 26  50+1   Style::new().fg(Color::Reset).bg(Color::Reset).underline_color(Color::Reset).bold()
 26 109+1   Style::new().fg(Color::Reset).bg(Color::Reset).underline_color(Color::Reset).bold()
 27  50+1   Style::new().fg(Color::Reset).bg(Color::Reset).underline_color(Color::Reset).bold()
 27  51+27  Style::new().fg(Color::Reset).bg(Color::Reset).underline_color(Color::Reset).dim()
 27 109+1   Style::new().fg(Color::Reset).bg(Color::Reset).underline_color(Color::Reset).bold()
 28  50+60  Style::new().fg(Color::Reset).bg(Color::Reset).underline_color(Color::Reset).bold()
