---
source: crates/courier-ftp/src/app/vault/snapshot_tests.rs
expression: text
---
+--------------------------------------------------------------------------------------------------------------------------------------------------------------+
|                                                                     [locked] Vault locked                                                                    |
|                                                                          Ctrl-q quit                                                                         |
|                                                                                                                                                              |
|                                                                                                                                                              |
|                                                                                                                                                              |
|                                                                                                                                                              |
|                                                                                                                                                              |
|                                                                                                                                                              |
|                                                                                                                                                              |
|                                                                                                                                                              |
|                                                                                                                                                              |
|                                                                                                                                                              |
|                                                                                                                                                              |
|                                                                                                                                                              |
|                                                                                                                                                              |
|                                                                                                                                                              |
|                                                                                                                                                              |
|                                                                                                                                                              |
|                                               + [locked] Unlock courier-ftp ---------------------------------+                                               |
|                                               |The vault is locked. Connections and transfers keep running.  |                                               |
|                                               |                                                              |                                               |
|                                               |Password: ***_                                                |                                               |
|                                               |                                                              |                                               |
|                                               |                                                              |                                               |
|                                               |Enter unlock - Esc clear - Ctrl-r forgot password?            |                                               |
|                                               +--------------------------------------------------------------+                                               |
|                                                                                                                                                              |
|                                                                                                                                                              |
|                                                                                                                                                              |
|                                                                                                                                                              |
|                                                                                                                                                              |
|                                                                                                                                                              |
|                                                                                                                                                              |
|                                                                                                                                                              |
|                                                                                                                                                              |
|                                                                                                                                                              |
|                                                                                                                                                              |
|                                                                                                                                                              |
|                                                                                                                                                              |
|                                                                                                                                                              |
|                                                                                                                                                              |
|                                                                                                                                                              |
|                                                                                                                                                              |
|                                                                                                                                                              |
|                                                                                                                                                              |
+--------------------------------------------------------------------------------------------------------------------------------------------------------------+
 [not connected] | [vault locked] | Type: Auto | lim off                                                                                                        
--- styles ---
  0   0+160 Style::new().fg(Color::Reset).bg(Color::Reset).underline_color(Color::Reset).dim()
  1   0+1   Style::new().fg(Color::Reset).bg(Color::Reset).underline_color(Color::Reset).dim()
  1  70+21  Style::new().fg(Color::Reset).bg(Color::Reset).underline_color(Color::Reset).dim()
  1 159+1   Style::new().fg(Color::Reset).bg(Color::Reset).underline_color(Color::Reset).dim()
  2   0+1   Style::new().fg(Color::Reset).bg(Color::Reset).underline_color(Color::Reset).dim()
  2  75+11  Style::new().fg(Color::Reset).bg(Color::Reset).underline_color(Color::Reset).dim()
  2 159+1   Style::new().fg(Color::Reset).bg(Color::Reset).underline_color(Color::Reset).dim()
  3   0+1   Style::new().fg(Color::Reset).bg(Color::Reset).underline_color(Color::Reset).dim()
  3 159+1   Style::new().fg(Color::Reset).bg(Color::Reset).underline_color(Color::Reset).dim()
  4   0+1   Style::new().fg(Color::Reset).bg(Color::Reset).underline_color(Color::Reset).dim()
  4 159+1   Style::new().fg(Color::Reset).bg(Color::Reset).underline_color(Color::Reset).dim()
  5   0+1   Style::new().fg(Color::Reset).bg(Color::Reset).underline_color(Color::Reset).dim()
  5 159+1   Style::new().fg(Color::Reset).bg(Color::Reset).underline_color(Color::Reset).dim()
  6   0+1   Style::new().fg(Color::Reset).bg(Color::Reset).underline_color(Color::Reset).dim()
  6 159+1   Style::new().fg(Color::Reset).bg(Color::Reset).underline_color(Color::Reset).dim()
  7   0+1   Style::new().fg(Color::Reset).bg(Color::Reset).underline_color(Color::Reset).dim()
  7 159+1   Style::new().fg(Color::Reset).bg(Color::Reset).underline_color(Color::Reset).dim()
  8   0+1   Style::new().fg(Color::Reset).bg(Color::Reset).underline_color(Color::Reset).dim()
  8 159+1   Style::new().fg(Color::Reset).bg(Color::Reset).underline_color(Color::Reset).dim()
  9   0+1   Style::new().fg(Color::Reset).bg(Color::Reset).underline_color(Color::Reset).dim()
  9 159+1   Style::new().fg(Color::Reset).bg(Color::Reset).underline_color(Color::Reset).dim()
 10   0+1   Style::new().fg(Color::Reset).bg(Color::Reset).underline_color(Color::Reset).dim()
 10 159+1   Style::new().fg(Color::Reset).bg(Color::Reset).underline_color(Color::Reset).dim()
 11   0+1   Style::new().fg(Color::Reset).bg(Color::Reset).underline_color(Color::Reset).dim()
 11 159+1   Style::new().fg(Color::Reset).bg(Color::Reset).underline_color(Color::Reset).dim()
 12   0+1   Style::new().fg(Color::Reset).bg(Color::Reset).underline_color(Color::Reset).dim()
 12 159+1   Style::new().fg(Color::Reset).bg(Color::Reset).underline_color(Color::Reset).dim()
 13   0+1   Style::new().fg(Color::Reset).bg(Color::Reset).underline_color(Color::Reset).dim()
 13 159+1   Style::new().fg(Color::Reset).bg(Color::Reset).underline_color(Color::Reset).dim()
 14   0+1   Style::new().fg(Color::Reset).bg(Color::Reset).underline_color(Color::Reset).dim()
 14 159+1   Style::new().fg(Color::Reset).bg(Color::Reset).underline_color(Color::Reset).dim()
 15   0+1   Style::new().fg(Color::Reset).bg(Color::Reset).underline_color(Color::Reset).dim()
 15 159+1   Style::new().fg(Color::Reset).bg(Color::Reset).underline_color(Color::Reset).dim()
 16   0+1   Style::new().fg(Color::Reset).bg(Color::Reset).underline_color(Color::Reset).dim()
 16 159+1   Style::new().fg(Color::Reset).bg(Color::Reset).underline_color(Color::Reset).dim()
 17   0+1   Style::new().fg(Color::Reset).bg(Color::Reset).underline_color(Color::Reset).dim()
 17 159+1   Style::new().fg(Color::Reset).bg(Color::Reset).underline_color(Color::Reset).dim()
 18   0+1   Style::new().fg(Color::Reset).bg(Color::Reset).underline_color(Color::Reset).dim()
 18 159+1   Style::new().fg(Color::Reset).bg(Color::Reset).underline_color(Color::Reset).dim()
 19   0+1   Style::new().fg(Color::Reset).bg(Color::Reset).underline_color(Color::Reset).dim()
 19  48+64  Style::new().fg(Color::Reset).bg(Color::Reset).underline_color(Color::Reset).bold()
 19 159+1   Style::new().fg(Color::Reset).bg(Color::Reset).underline_color(Color::Reset).dim()
 20   0+1   Style::new().fg(Color::Reset).bg(Color::Reset).underline_color(Color::Reset).dim()
 20  48+1   Style::new().fg(Color::Reset).bg(Color::Reset).underline_color(Color::Reset).bold()
 20 111+1   Style::new().fg(Color::Reset).bg(Color::Reset).underline_color(Color::Reset).bold()
 20 159+1   Style::new().fg(Color::Reset).bg(Color::Reset).underline_color(Color::Reset).dim()
 21   0+1   Style::new().fg(Color::Reset).bg(Color::Reset).underline_color(Color::Reset).dim()
 21  48+1   Style::new().fg(Color::Reset).bg(Color::Reset).underline_color(Color::Reset).bold()
 21 111+1   Style::new().fg(Color::Reset).bg(Color::Reset).underline_color(Color::Reset).bold()
 21 159+1   Style::new().fg(Color::Reset).bg(Color::Reset).underline_color(Color::Reset).dim()
 22   0+1   Style::new().fg(Color::Reset).bg(Color::Reset).underline_color(Color::Reset).dim()
 22  48+1   Style::new().fg(Color::Reset).bg(Color::Reset).underline_color(Color::Reset).bold()
 22  49+10  Style::new().fg(Color::Reset).bg(Color::Reset).underline_color(Color::Reset).dim()
 22  59+4   Style::new().fg(Color::Reset).bg(Color::Reset).underline_color(Color::Reset).bold()
 22 111+1   Style::new().fg(Color::Reset).bg(Color::Reset).underline_color(Color::Reset).bold()
 22 159+1   Style::new().fg(Color::Reset).bg(Color::Reset).underline_color(Color::Reset).dim()
 23   0+1   Style::new().fg(Color::Reset).bg(Color::Reset).underline_color(Color::Reset).dim()
 23  48+1   Style::new().fg(Color::Reset).bg(Color::Reset).underline_color(Color::Reset).bold()
 23 111+1   Style::new().fg(Color::Reset).bg(Color::Reset).underline_color(Color::Reset).bold()
 23 159+1   Style::new().fg(Color::Reset).bg(Color::Reset).underline_color(Color::Reset).dim()
 24   0+1   Style::new().fg(Color::Reset).bg(Color::Reset).underline_color(Color::Reset).dim()
 24  48+1   Style::new().fg(Color::Reset).bg(Color::Reset).underline_color(Color::Reset).bold()
 24 111+1   Style::new().fg(Color::Reset).bg(Color::Reset).underline_color(Color::Reset).bold()
 24 159+1   Style::new().fg(Color::Reset).bg(Color::Reset).underline_color(Color::Reset).dim()
 25   0+1   Style::new().fg(Color::Reset).bg(Color::Reset).underline_color(Color::Reset).dim()
 25  48+1   Style::new().fg(Color::Reset).bg(Color::Reset).underline_color(Color::Reset).bold()
 25  49+50  Style::new().fg(Color::Reset).bg(Color::Reset).underline_color(Color::Reset).dim()
 25 111+1   Style::new().fg(Color::Reset).bg(Color::Reset).underline_color(Color::Reset).bold()
 25 159+1   Style::new().fg(Color::Reset).bg(Color::Reset).underline_color(Color::Reset).dim()
 26   0+1   Style::new().fg(Color::Reset).bg(Color::Reset).underline_color(Color::Reset).dim()
 26  48+64  Style::new().fg(Color::Reset).bg(Color::Reset).underline_color(Color::Reset).bold()
 26 159+1   Style::new().fg(Color::Reset).bg(Color::Reset).underline_color(Color::Reset).dim()
 27   0+1   Style::new().fg(Color::Reset).bg(Color::Reset).underline_color(Color::Reset).dim()
 27 159+1   Style::new().fg(Color::Reset).bg(Color::Reset).underline_color(Color::Reset).dim()
 28   0+1   Style::new().fg(Color::Reset).bg(Color::Reset).underline_color(Color::Reset).dim()
 28 159+1   Style::new().fg(Color::Reset).bg(Color::Reset).underline_color(Color::Reset).dim()
 29   0+1   Style::new().fg(Color::Reset).bg(Color::Reset).underline_color(Color::Reset).dim()
 29 159+1   Style::new().fg(Color::Reset).bg(Color::Reset).underline_color(Color::Reset).dim()
 30   0+1   Style::new().fg(Color::Reset).bg(Color::Reset).underline_color(Color::Reset).dim()
 30 159+1   Style::new().fg(Color::Reset).bg(Color::Reset).underline_color(Color::Reset).dim()
 31   0+1   Style::new().fg(Color::Reset).bg(Color::Reset).underline_color(Color::Reset).dim()
 31 159+1   Style::new().fg(Color::Reset).bg(Color::Reset).underline_color(Color::Reset).dim()
 32   0+1   Style::new().fg(Color::Reset).bg(Color::Reset).underline_color(Color::Reset).dim()
 32 159+1   Style::new().fg(Color::Reset).bg(Color::Reset).underline_color(Color::Reset).dim()
 33   0+1   Style::new().fg(Color::Reset).bg(Color::Reset).underline_color(Color::Reset).dim()
 33 159+1   Style::new().fg(Color::Reset).bg(Color::Reset).underline_color(Color::Reset).dim()
 34   0+1   Style::new().fg(Color::Reset).bg(Color::Reset).underline_color(Color::Reset).dim()
 34 159+1   Style::new().fg(Color::Reset).bg(Color::Reset).underline_color(Color::Reset).dim()
 35   0+1   Style::new().fg(Color::Reset).bg(Color::Reset).underline_color(Color::Reset).dim()
 35 159+1   Style::new().fg(Color::Reset).bg(Color::Reset).underline_color(Color::Reset).dim()
 36   0+1   Style::new().fg(Color::Reset).bg(Color::Reset).underline_color(Color::Reset).dim()
 36 159+1   Style::new().fg(Color::Reset).bg(Color::Reset).underline_color(Color::Reset).dim()
 37   0+1   Style::new().fg(Color::Reset).bg(Color::Reset).underline_color(Color::Reset).dim()
 37 159+1   Style::new().fg(Color::Reset).bg(Color::Reset).underline_color(Color::Reset).dim()
 38   0+1   Style::new().fg(Color::Reset).bg(Color::Reset).underline_color(Color::Reset).dim()
 38 159+1   Style::new().fg(Color::Reset).bg(Color::Reset).underline_color(Color::Reset).dim()
 39   0+1   Style::new().fg(Color::Reset).bg(Color::Reset).underline_color(Color::Reset).dim()
 39 159+1   Style::new().fg(Color::Reset).bg(Color::Reset).underline_color(Color::Reset).dim()
 40   0+1   Style::new().fg(Color::Reset).bg(Color::Reset).underline_color(Color::Reset).dim()
 40 159+1   Style::new().fg(Color::Reset).bg(Color::Reset).underline_color(Color::Reset).dim()
 41   0+1   Style::new().fg(Color::Reset).bg(Color::Reset).underline_color(Color::Reset).dim()
 41 159+1   Style::new().fg(Color::Reset).bg(Color::Reset).underline_color(Color::Reset).dim()
 42   0+1   Style::new().fg(Color::Reset).bg(Color::Reset).underline_color(Color::Reset).dim()
 42 159+1   Style::new().fg(Color::Reset).bg(Color::Reset).underline_color(Color::Reset).dim()
 43   0+1   Style::new().fg(Color::Reset).bg(Color::Reset).underline_color(Color::Reset).dim()
 43 159+1   Style::new().fg(Color::Reset).bg(Color::Reset).underline_color(Color::Reset).dim()
 44   0+1   Style::new().fg(Color::Reset).bg(Color::Reset).underline_color(Color::Reset).dim()
 44 159+1   Style::new().fg(Color::Reset).bg(Color::Reset).underline_color(Color::Reset).dim()
 45   0+1   Style::new().fg(Color::Reset).bg(Color::Reset).underline_color(Color::Reset).dim()
 45 159+1   Style::new().fg(Color::Reset).bg(Color::Reset).underline_color(Color::Reset).dim()
 46   0+160 Style::new().fg(Color::Reset).bg(Color::Reset).underline_color(Color::Reset).dim()
 47   1+15  Style::new().fg(Color::Reset).bg(Color::Reset).underline_color(Color::Reset).dim()
 47  19+14  Style::new().fg(Color::Reset).bg(Color::Reset).underline_color(Color::Reset).reversed()
