---
source: crates/courier-ftp/src/app/vault/snapshot_tests.rs
expression: text
---
                                                                                                                                                                
                                                                                                                                                                
                                                                                                                                                                
                                                                                                                                                                
                                                                                                                                                                
                                                                                                                                                                
                                                                                                                                                                
                                                                                                                                                                
                                                                                                                                                                
                                                                                                                                                                
                                                                                                                                                                
                                                                                                                                                                
                                                                                                                                                                
                                                                                                                                                                
                                                                                                                                                                
                                                                                                                                                                
                                                                                                                                                                
                                                                                                                                                                
                                                       ┌ Change master password ────────────────────────┐                                                       
                                                       │Current password  ••••••••                      │                                                       
                                                       │New password      ••••••••••••••••••••••••••••  │                                                       
                                                       │Confirm           •••••••••••••••••••••••••••▏  │                                                       
                                                       │                                                │                                                       
                                                       │Strength          █████ very strong             │                                                       
                                                       │                                                │                                                       
                                                       │The passwords do not match                      │                                                       
                                                       │Tab next field · Enter save · Esc cancel        │                                                       
                                                       └────────────────────────────────────────────────┘                                                       
                                                                                                                                                                
                                                                                                                                                                
                                                                                                                                                                
                                                                                                                                                                
                                                                                                                                                                
                                                                                                                                                                
                                                                                                                                                                
                                                                                                                                                                
                                                                                                                                                                
                                                                                                                                                                
                                                                                                                                                                
                                                                                                                                                                
                                                                                                                                                                
                                                                                                                                                                
                                                                                                                                                                
                                                                                                                                                                
                                                                                                                                                                
                                                                                                                                                                
                                                                                                                                                                
                                                                                                                                                                
--- styles ---
 18  55+50  Style::new().fg(Color::Reset).bg(Color::Reset).underline_color(Color::Reset).bold()
 19  55+1   Style::new().fg(Color::Reset).bg(Color::Reset).underline_color(Color::Reset).bold()
 19  56+18  Style::new().fg(Color::Reset).bg(Color::Reset).underline_color(Color::Reset).dim()
 19 104+1   Style::new().fg(Color::Reset).bg(Color::Reset).underline_color(Color::Reset).bold()
 20  55+1   Style::new().fg(Color::Reset).bg(Color::Reset).underline_color(Color::Reset).bold()
 20  56+18  Style::new().fg(Color::Reset).bg(Color::Reset).underline_color(Color::Reset).dim()
 20 104+1   Style::new().fg(Color::Reset).bg(Color::Reset).underline_color(Color::Reset).bold()
 21  55+1   Style::new().fg(Color::Reset).bg(Color::Reset).underline_color(Color::Reset).bold()
 21  56+46  Style::new().fg(Color::Indexed(6)).bg(Color::Reset).underline_color(Color::Reset).bold()
 21 104+1   Style::new().fg(Color::Reset).bg(Color::Reset).underline_color(Color::Reset).bold()
 22  55+1   Style::new().fg(Color::Reset).bg(Color::Reset).underline_color(Color::Reset).bold()
 22 104+1   Style::new().fg(Color::Reset).bg(Color::Reset).underline_color(Color::Reset).bold()
 23  55+1   Style::new().fg(Color::Reset).bg(Color::Reset).underline_color(Color::Reset).bold()
 23  56+18  Style::new().fg(Color::Reset).bg(Color::Reset).underline_color(Color::Reset).dim()
 23  74+17  Style::new().fg(Color::Indexed(2)).bg(Color::Reset).underline_color(Color::Reset)
 23 104+1   Style::new().fg(Color::Reset).bg(Color::Reset).underline_color(Color::Reset).bold()
 24  55+1   Style::new().fg(Color::Reset).bg(Color::Reset).underline_color(Color::Reset).bold()
 24 104+1   Style::new().fg(Color::Reset).bg(Color::Reset).underline_color(Color::Reset).bold()
 25  55+1   Style::new().fg(Color::Reset).bg(Color::Reset).underline_color(Color::Reset).bold()
 25  56+26  Style::new().fg(Color::Indexed(1)).bg(Color::Reset).underline_color(Color::Reset).bold()
 25 104+1   Style::new().fg(Color::Reset).bg(Color::Reset).underline_color(Color::Reset).bold()
 26  55+1   Style::new().fg(Color::Reset).bg(Color::Reset).underline_color(Color::Reset).bold()
 26  56+40  Style::new().fg(Color::Reset).bg(Color::Reset).underline_color(Color::Reset).dim()
 26 104+1   Style::new().fg(Color::Reset).bg(Color::Reset).underline_color(Color::Reset).bold()
 27  55+50  Style::new().fg(Color::Reset).bg(Color::Reset).underline_color(Color::Reset).bold()
