---
source: crates/courier-ftp/src/app/vault/snapshot_tests.rs
expression: text
---
                                                                                
                                                                                
                                                                                
                                                                                
                                                                                
                                                                                
          ┌ Change master password ──────────────────────────────────┐          
          │Unlocked with the keyring. Choose a new master password.  │          
          │                                                          │          
          │New password      ••••••••••••••••••••••••••••▏           │          
          │Confirm                                                   │          
          │                                                          │          
          │Strength          █████ very strong                       │          
          │                                                          │          
          │                                                          │          
          │Tab next field · Enter save                               │          
          └──────────────────────────────────────────────────────────┘          
                                                                                
                                                                                
                                                                                
                                                                                
                                                                                
                                                                                
                                                                                
--- styles ---
  6  10+60  Style::new().fg(Color::Reset).bg(Color::Reset).underline_color(Color::Reset).bold()
  7  10+1   Style::new().fg(Color::Reset).bg(Color::Reset).underline_color(Color::Reset).bold()
  7  69+1   Style::new().fg(Color::Reset).bg(Color::Reset).underline_color(Color::Reset).bold()
  8  10+1   Style::new().fg(Color::Reset).bg(Color::Reset).underline_color(Color::Reset).bold()
  8  69+1   Style::new().fg(Color::Reset).bg(Color::Reset).underline_color(Color::Reset).bold()
  9  10+1   Style::new().fg(Color::Reset).bg(Color::Reset).underline_color(Color::Reset).bold()
  9  11+47  Style::new().fg(Color::Indexed(6)).bg(Color::Reset).underline_color(Color::Reset).bold()
  9  69+1   Style::new().fg(Color::Reset).bg(Color::Reset).underline_color(Color::Reset).bold()
 10  10+1   Style::new().fg(Color::Reset).bg(Color::Reset).underline_color(Color::Reset).bold()
 10  11+18  Style::new().fg(Color::Reset).bg(Color::Reset).underline_color(Color::Reset).dim()
 10  69+1   Style::new().fg(Color::Reset).bg(Color::Reset).underline_color(Color::Reset).bold()
 11  10+1   Style::new().fg(Color::Reset).bg(Color::Reset).underline_color(Color::Reset).bold()
 11  69+1   Style::new().fg(Color::Reset).bg(Color::Reset).underline_color(Color::Reset).bold()
 12  10+1   Style::new().fg(Color::Reset).bg(Color::Reset).underline_color(Color::Reset).bold()
 12  11+18  Style::new().fg(Color::Reset).bg(Color::Reset).underline_color(Color::Reset).dim()
 12  29+17  Style::new().fg(Color::Indexed(2)).bg(Color::Reset).underline_color(Color::Reset)
 12  69+1   Style::new().fg(Color::Reset).bg(Color::Reset).underline_color(Color::Reset).bold()
 13  10+1   Style::new().fg(Color::Reset).bg(Color::Reset).underline_color(Color::Reset).bold()
 13  69+1   Style::new().fg(Color::Reset).bg(Color::Reset).underline_color(Color::Reset).bold()
 14  10+1   Style::new().fg(Color::Reset).bg(Color::Reset).underline_color(Color::Reset).bold()
 14  69+1   Style::new().fg(Color::Reset).bg(Color::Reset).underline_color(Color::Reset).bold()
 15  10+1   Style::new().fg(Color::Reset).bg(Color::Reset).underline_color(Color::Reset).bold()
 15  11+27  Style::new().fg(Color::Reset).bg(Color::Reset).underline_color(Color::Reset).dim()
 15  69+1   Style::new().fg(Color::Reset).bg(Color::Reset).underline_color(Color::Reset).bold()
 16  10+60  Style::new().fg(Color::Reset).bg(Color::Reset).underline_color(Color::Reset).bold()
