---
source: crates/courier-ftp/src/components/file_list/snapshot_tests.rs
expression: text
---
┏▶Remote · web01 ━━━━━━━━━━━━━━━━━━━━━━━━━━━━━━━━━━━━━━━━━━━━━━━━━━━━━━━━━━━━━━┓
┃/var/www/html                                                                 ┃
┃ Name ▲                          Size Type         Modified         Perms     ┃
┃ ..                                                                           ┃
┃ assets/                              Directory    2026-10-01 12:00 drwxr-xr-x┃
┃ css/                                 Directory    2026-09-30 09:12 drwxr-xr-x┃
┃ js/                                  Directory    2026-09-30 09:12 drwxr-xr-x┃
┃ uploads/                             Directory    2026-10-07 23:59 drwxrwxr-x┃
┃ .htaccess                      412 B File         2026-03-14 08:00 -rw-r--r--┃
┃ backup-2026-10-01.tar.gz    1.21 GiB GZIP archive 2026-10-01 03:00 -rw-------┃
┃ favicon.ico                 15.0 KiB Icon file    2025-01-05       -rw-r--r--┃
┃*index.html                  4.10 KiB HTML file    2026-10-08 18:22 -rw-r--r--┃
┃ logo.png → static/logo.png           Link         2026-06-02 10:41 lrwxrwxrwx┃
┃ README.md                   2.31 KiB Markdown     2026-09-12 16:05 -rw-r--r--┃
┃ robots.txt                      68 B Text file    2024-11-30       -rw-r--r--┃
┃ sitemap.xml                 12.4 KiB XML file     2026-10-08 02:00 -rw-r--r--┃
┃*style.min.css               48.7 KiB CSS file     2026-10-08 18:20 -rw-r--r--┃
┃ very-long-file-name-that-…  1.00 KiB Text file    2026-10-02 07:30 -rw-r--r--┃
┃                                                                              ┃
┃                                                                              ┃
┃                                                                              ┃
┃                                                                              ┃
┃Selected 2 files. Total size: 52.8 KiB                                        ┃
┗━━━━━━━━━━━━━━━━━━━━━━━━━━━━━━━━━━━━━━━━━━━━━━━━━━━━━━━━━━━━━━━━━━━━━━━━━━━━━━┛
--- styles ---
  0   0+80  Style::new().fg(Color::Indexed(3)).bg(Color::Reset).underline_color(Color::Reset).bold()
  1   0+1   Style::new().fg(Color::Indexed(3)).bg(Color::Reset).underline_color(Color::Reset).bold()
  1  79+1   Style::new().fg(Color::Indexed(3)).bg(Color::Reset).underline_color(Color::Reset).bold()
  2   0+1   Style::new().fg(Color::Indexed(3)).bg(Color::Reset).underline_color(Color::Reset).bold()
  2   2+6   Style::new().fg(Color::Reset).bg(Color::Reset).underline_color(Color::Reset).bold()
  2  34+4   Style::new().fg(Color::Reset).bg(Color::Reset).underline_color(Color::Reset).bold()
  2  39+4   Style::new().fg(Color::Reset).bg(Color::Reset).underline_color(Color::Reset).bold()
  2  52+8   Style::new().fg(Color::Reset).bg(Color::Reset).underline_color(Color::Reset).bold()
  2  69+5   Style::new().fg(Color::Reset).bg(Color::Reset).underline_color(Color::Reset).bold()
  2  79+1   Style::new().fg(Color::Indexed(3)).bg(Color::Reset).underline_color(Color::Reset).bold()
  3   0+1   Style::new().fg(Color::Indexed(3)).bg(Color::Reset).underline_color(Color::Reset).bold()
  3   2+2   Style::new().fg(Color::Reset).bg(Color::Reset).underline_color(Color::Reset).bold()
  3  79+1   Style::new().fg(Color::Indexed(3)).bg(Color::Reset).underline_color(Color::Reset).bold()
  4   0+1   Style::new().fg(Color::Indexed(3)).bg(Color::Reset).underline_color(Color::Reset).bold()
  4   2+7   Style::new().fg(Color::Reset).bg(Color::Reset).underline_color(Color::Reset).bold()
  4  79+1   Style::new().fg(Color::Indexed(3)).bg(Color::Reset).underline_color(Color::Reset).bold()
  5   0+1   Style::new().fg(Color::Indexed(3)).bg(Color::Reset).underline_color(Color::Reset).bold()
  5   2+4   Style::new().fg(Color::Reset).bg(Color::Reset).underline_color(Color::Reset).bold()
  5  79+1   Style::new().fg(Color::Indexed(3)).bg(Color::Reset).underline_color(Color::Reset).bold()
  6   0+1   Style::new().fg(Color::Indexed(3)).bg(Color::Reset).underline_color(Color::Reset).bold()
  6   2+3   Style::new().fg(Color::Reset).bg(Color::Reset).underline_color(Color::Reset).bold()
  6  79+1   Style::new().fg(Color::Indexed(3)).bg(Color::Reset).underline_color(Color::Reset).bold()
  7   0+1   Style::new().fg(Color::Indexed(3)).bg(Color::Reset).underline_color(Color::Reset).bold()
  7   2+8   Style::new().fg(Color::Reset).bg(Color::Reset).underline_color(Color::Reset).bold()
  7  79+1   Style::new().fg(Color::Indexed(3)).bg(Color::Reset).underline_color(Color::Reset).bold()
  8   0+1   Style::new().fg(Color::Indexed(3)).bg(Color::Reset).underline_color(Color::Reset).bold()
  8   2+9   Style::new().fg(Color::Reset).bg(Color::Reset).underline_color(Color::Reset).dim()
  8  79+1   Style::new().fg(Color::Indexed(3)).bg(Color::Reset).underline_color(Color::Reset).bold()
  9   0+1   Style::new().fg(Color::Indexed(3)).bg(Color::Reset).underline_color(Color::Reset).bold()
  9  79+1   Style::new().fg(Color::Indexed(3)).bg(Color::Reset).underline_color(Color::Reset).bold()
 10   0+1   Style::new().fg(Color::Indexed(3)).bg(Color::Reset).underline_color(Color::Reset).bold()
 10  79+1   Style::new().fg(Color::Indexed(3)).bg(Color::Reset).underline_color(Color::Reset).bold()
 11   0+1   Style::new().fg(Color::Indexed(3)).bg(Color::Reset).underline_color(Color::Reset).bold()
 11   1+78  Style::new().fg(Color::Indexed(3)).bg(Color::Reset).underline_color(Color::Reset).bold().reversed()
 11  79+1   Style::new().fg(Color::Indexed(3)).bg(Color::Reset).underline_color(Color::Reset).bold()
 12   0+1   Style::new().fg(Color::Indexed(3)).bg(Color::Reset).underline_color(Color::Reset).bold()
 12  10+18  Style::new().fg(Color::Reset).bg(Color::Reset).underline_color(Color::Reset).dim()
 12  79+1   Style::new().fg(Color::Indexed(3)).bg(Color::Reset).underline_color(Color::Reset).bold()
 13   0+1   Style::new().fg(Color::Indexed(3)).bg(Color::Reset).underline_color(Color::Reset).bold()
 13  79+1   Style::new().fg(Color::Indexed(3)).bg(Color::Reset).underline_color(Color::Reset).bold()
 14   0+1   Style::new().fg(Color::Indexed(3)).bg(Color::Reset).underline_color(Color::Reset).bold()
 14  79+1   Style::new().fg(Color::Indexed(3)).bg(Color::Reset).underline_color(Color::Reset).bold()
 15   0+1   Style::new().fg(Color::Indexed(3)).bg(Color::Reset).underline_color(Color::Reset).bold()
 15  79+1   Style::new().fg(Color::Indexed(3)).bg(Color::Reset).underline_color(Color::Reset).bold()
 16   0+80  Style::new().fg(Color::Indexed(3)).bg(Color::Reset).underline_color(Color::Reset).bold()
 17   0+1   Style::new().fg(Color::Indexed(3)).bg(Color::Reset).underline_color(Color::Reset).bold()
 17  79+1   Style::new().fg(Color::Indexed(3)).bg(Color::Reset).underline_color(Color::Reset).bold()
 18   0+1   Style::new().fg(Color::Indexed(3)).bg(Color::Reset).underline_color(Color::Reset).bold()
 18  79+1   Style::new().fg(Color::Indexed(3)).bg(Color::Reset).underline_color(Color::Reset).bold()
 19   0+1   Style::new().fg(Color::Indexed(3)).bg(Color::Reset).underline_color(Color::Reset).bold()
 19  79+1   Style::new().fg(Color::Indexed(3)).bg(Color::Reset).underline_color(Color::Reset).bold()
 20   0+1   Style::new().fg(Color::Indexed(3)).bg(Color::Reset).underline_color(Color::Reset).bold()
 20  79+1   Style::new().fg(Color::Indexed(3)).bg(Color::Reset).underline_color(Color::Reset).bold()
 21   0+1   Style::new().fg(Color::Indexed(3)).bg(Color::Reset).underline_color(Color::Reset).bold()
 21  79+1   Style::new().fg(Color::Indexed(3)).bg(Color::Reset).underline_color(Color::Reset).bold()
 22   0+1   Style::new().fg(Color::Indexed(3)).bg(Color::Reset).underline_color(Color::Reset).bold()
 22  79+1   Style::new().fg(Color::Indexed(3)).bg(Color::Reset).underline_color(Color::Reset).bold()
 23   0+80  Style::new().fg(Color::Indexed(3)).bg(Color::Reset).underline_color(Color::Reset).bold()
